C:/TouchGFXProjects/STM32F746G-DISCO-Image-Recognition/STM32F746G-DISCO-Image-Recognition/LibJPEG_Decoding/Middlewares/Third_Party/LibJPEG/source/jcmaster.c:528:1:select_scan_parameters	16	static
C:/TouchGFXProjects/STM32F746G-DISCO-Image-Recognition/STM32F746G-DISCO-Image-Recognition/LibJPEG_Decoding/Middlewares/Third_Party/LibJPEG/source/jcmaster.c:753:1:pass_startup	8	static
C:/TouchGFXProjects/STM32F746G-DISCO-Image-Recognition/STM32F746G-DISCO-Image-Recognition/LibJPEG_Decoding/Middlewares/Third_Party/LibJPEG/source/jcmaster.c:767:1:finish_pass_master	16	static
C:/TouchGFXProjects/STM32F746G-DISCO-Image-Recognition/STM32F746G-DISCO-Image-Recognition/LibJPEG_Decoding/Middlewares/Third_Party/LibJPEG/source/jcmaster.c:572:1:per_scan_setup	24	static
C:/TouchGFXProjects/STM32F746G-DISCO-Image-Recognition/STM32F746G-DISCO-Image-Recognition/LibJPEG_Decoding/Middlewares/Third_Party/LibJPEG/source/jcmaster.c:665:1:prepare_for_pass	16	static
C:/TouchGFXProjects/STM32F746G-DISCO-Image-Recognition/STM32F746G-DISCO-Image-Recognition/LibJPEG_Decoding/Middlewares/Third_Party/LibJPEG/source/jcmaster.c:53:1:jpeg_calc_jpeg_dimensions	0	static
C:/TouchGFXProjects/STM32F746G-DISCO-Image-Recognition/STM32F746G-DISCO-Image-Recognition/LibJPEG_Decoding/Middlewares/Third_Party/LibJPEG/source/jcmaster.c:807:1:jinit_c_master_control	32	static
