C:/TouchGFXProjects/STM32F746G-DISCO-Image-Recognition/STM32F746G-DISCO-Image-Recognition/LibJPEG_Decoding/Middlewares/Third_Party/LibJPEG/source/jcomapi.c:29:1:jpeg_abort	8	static
C:/TouchGFXProjects/STM32F746G-DISCO-Image-Recognition/STM32F746G-DISCO-Image-Recognition/LibJPEG_Decoding/Middlewares/Third_Party/LibJPEG/source/jcomapi.c:69:1:jpeg_destroy	8	static
C:/TouchGFXProjects/STM32F746G-DISCO-Image-Recognition/STM32F746G-DISCO-Image-Recognition/LibJPEG_Decoding/Middlewares/Third_Party/LibJPEG/source/jcomapi.c:86:1:jpeg_alloc_quant_table	8	static
C:/TouchGFXProjects/STM32F746G-DISCO-Image-Recognition/STM32F746G-DISCO-Image-Recognition/LibJPEG_Decoding/Middlewares/Third_Party/LibJPEG/source/jcomapi.c:98:1:jpeg_alloc_huff_table	8	static
